// Vitest Snapshot v1, https://vitest.dev/guide/snapshot.html

exports[`Post form submits correct data 1`] = `
{
  "content": "content",
  "title": "title",
}
`;

exports[`Post form submits correct data 2`] = `"/post/1"`;
